Adding node, real=False, serial=05917e50-7d51-4468-a804-f76ef979b0dc, num=1, location=616.0:1900.49
Creating edge, edge=616.0:1900.49 - 936:1671
Adding node, real=False, serial=91c8c890-f264-4f33-909c-9d3e52ec5f49, num=2, location=616.0:1466.77
Creating edge, edge=616.0:1466.77 - 936:1671
Adding node, real=False, serial=e484bb4c-a859-4c59-bd4f-9d7050fa9bc2, num=3, location=1256.0:1589.08
Creating edge, edge=936:1671 - 1256.0:1589.08
Adding node, real=False, serial=e0880894-a462-45bf-907f-aad2174c3d2a, num=4, location=1256.0:1817.88
Creating edge, edge=936:1671 - 1256.0:1817.88
Adding node, real=False, serial=5d70d70a-5c24-4799-b43d-8025bfe2a408, num=5, location=758.37:1371.0
Adding node, real=False, serial=88d3f0f4-5879-42de-b287-2723c6754b42, num=6, location=1256.0:1718.84
Creating edge, edge=758.37:1371.0 - 1256.0:1718.84
Triming data from graph
Number of slops found = 5
Number of edges in slope: , slope=-0.717 = 1, edges=[(Point(616.0, 1900.49), Point(936, 1671), -0.717, slope:-0.717, const:2342.16, edge1:(480, 1998), edge2:(936, 1671))]
Number of edges in slope: , slope=0.699 = 1, edges=[(Point(758.37, 1371.0), Point(1256.0, 1718.84), 0.699, slope:0.699, const:840.896, edge1:(96, 908), edge2:(1668, 2007))]
Number of edges in slope: , slope=0.459 = 1, edges=[(Point(936, 1671), Point(1256.0, 1817.88), 0.459, slope:0.459, const:1241.376, edge1:(936, 1671), edge2:(1668, 2007))]
Number of edges in slope: , slope=-0.256 = 1, edges=[(Point(936, 1671), Point(1256.0, 1589.08), -0.256, slope:-0.256, const:1910.616, edge1:(936, 1671), edge2:(1788, 1453))]
Number of edges in slope: , slope=0.638 = 1, edges=[(Point(616.0, 1466.77), Point(936, 1671), 0.638, slope:0.638, const:1073.76, edge1:(480, 1380), edge2:(936, 1671))]
Adding extra edges to edge list
removing nodes with no neighbors
removed 0 nodes
Finished triming data:, num_of_edges=5, num_real_node=1, num_of_node=7
edge list:, edges=[(Point(616.0, 1900.49), Point(936, 1671), -0.717, slope:-0.717, const:2342.16, edge1:(480, 1998), edge2:(936, 1671)), (Point(616.0, 1466.77), Point(936, 1671), 0.638, slope:0.638, const:1073.76, edge1:(480, 1380), edge2:(936, 1671)), (Point(936, 1671), Point(1256.0, 1589.08), -0.256, slope:-0.256, const:1910.616, edge1:(936, 1671), edge2:(1788, 1453)), (Point(936, 1671), Point(1256.0, 1817.88), 0.459, slope:0.459, const:1241.376, edge1:(936, 1671), edge2:(1668, 2007)), (Point(758.37, 1371.0), Point(1256.0, 1718.84), 0.699, slope:0.699, const:840.896, edge1:(96, 908), edge2:(1668, 2007))]
Adding node, real=False, serial=c8a400c0-f9be-4271-8b73-7c7dba6ec2f6, num=2, location=2483.0:2312.04
Creating edge, edge=2163:2169 - 2483.0:2312.04
Adding node, real=False, serial=26f8050f-c986-4c5c-acb9-11ad02906723, num=3, location=2291.98:1869.0
Creating edge, edge=2163:2169 - 2291.98:1869.0
Adding node, real=False, serial=78fcafd4-8f04-4f31-8498-aa68a41227f1, num=4, location=1921.34:1869.0
Creating edge, edge=1911:1879 - 1921.34:1869.0
Triming data from graph
Number of slops found = 3
Number of edges in slope: , slope=-0.967 = 1, edges=[(Point(1911, 1879), Point(1921.34, 1869.0), -0.967, slope:-0.967, const:3726.937, edge1:(1911, 1879), edge2:(2556, 1255))]
Number of edges in slope: , slope=-2.326 = 1, edges=[(Point(2163, 2169), Point(2291.98, 1869.0), -2.326, slope:-2.326, const:7200.138, edge1:(2163, 2169), edge2:(2556, 1255))]
Number of edges in slope: , slope=0.447 = 1, edges=[(Point(2163, 2169), Point(2483.0, 2312.04), 0.447, slope:0.447, const:1202.139, edge1:(2163, 2169), edge2:(2792, 2450))]
Adding extra edges to edge list
removing nodes with no neighbors
removed 0 nodes
Finished triming data:, num_of_edges=3, num_real_node=2, num_of_node=5
edge list:, edges=[(Point(2163, 2169), Point(2483.0, 2312.04), 0.447, slope:0.447, const:1202.139, edge1:(2163, 2169), edge2:(2792, 2450)), (Point(2163, 2169), Point(2291.98, 1869.0), -2.326, slope:-2.326, const:7200.138, edge1:(2163, 2169), edge2:(2556, 1255)), (Point(1911, 1879), Point(1921.34, 1869.0), -0.967, slope:-0.967, const:3726.937, edge1:(1911, 1879), edge2:(2556, 1255))]
Adding node, real=False, serial=5488b2ea-146a-4d2b-8782-81de176d0866, num=1, location=762.0:526.8
Creating edge, edge=762.0:526.8 - 1082:726
Adding node, real=False, serial=5eb87572-0a2e-48a6-9e42-a59c9682b5d6, num=2, location=1402.0:661.36
Creating edge, edge=1082:726 - 1402.0:661.36
Triming data from graph
Number of slops found = 2
Number of edges in slope: , slope=0.624 = 1, edges=[(Point(762.0, 526.8), Point(1082, 726), 0.624, slope:0.624, const:51.312, edge1:(62, 90), edge2:(1082, 726))]
Number of edges in slope: , slope=-0.202 = 1, edges=[(Point(1082, 726), Point(1402.0, 661.36), -0.202, slope:-0.202, const:944.564, edge1:(1082, 726), edge2:(1800, 581))]
Adding extra edges to edge list
removing nodes with no neighbors
removed 0 nodes
Finished triming data:, num_of_edges=2, num_real_node=1, num_of_node=3
edge list:, edges=[(Point(762.0, 526.8), Point(1082, 726), 0.624, slope:0.624, const:51.312, edge1:(62, 90), edge2:(1082, 726)), (Point(1082, 726), Point(1402.0, 661.36), -0.202, slope:-0.202, const:944.564, edge1:(1082, 726), edge2:(1800, 581))]
Adding node, real=False, serial=4bb44b7a-4214-437c-b432-21ff67267881, num=2, location=2303.05:2463.0
Creating edge, edge=2169:2163 - 2303.05:2463.0
Adding node, real=False, serial=c05a9bcc-22fe-4349-9bc0-772aa013dcaf, num=3, location=1849.0:2300.58
Creating edge, edge=1849.0:2300.58 - 2169:2163
Adding node, real=False, serial=fc8d0163-8296-44de-86d9-59e02e1dcbd5, num=4, location=1849.0:1941.8
Creating edge, edge=1849.0:1941.8 - 1879:1911
Triming data from graph
Number of slops found = 3
Number of edges in slope: , slope=-1.034 = 1, edges=[(Point(1849.0, 1941.8), Point(1879, 1911), -1.034, slope:-1.034, const:3853.67, edge1:(1255, 2556), edge2:(1879, 1911))]
Number of edges in slope: , slope=2.238 = 1, edges=[(Point(2169, 2163), Point(2303.05, 2463.0), 2.238, slope:2.238, const:-2691.222, edge1:(2169, 2163), edge2:(2450, 2792))]
Number of edges in slope: , slope=-0.43 = 1, edges=[(Point(1849.0, 2300.58), Point(2169, 2163), -0.43, slope:-0.43, const:3095.65, edge1:(1255, 2556), edge2:(2169, 2163))]
Adding extra edges to edge list
removing nodes with no neighbors
removed 0 nodes
Finished triming data:, num_of_edges=3, num_real_node=2, num_of_node=5
edge list:, edges=[(Point(2169, 2163), Point(2303.05, 2463.0), 2.238, slope:2.238, const:-2691.222, edge1:(2169, 2163), edge2:(2450, 2792)), (Point(1849.0, 2300.58), Point(2169, 2163), -0.43, slope:-0.43, const:3095.65, edge1:(1255, 2556), edge2:(2169, 2163)), (Point(1849.0, 1941.8), Point(1879, 1911), -1.034, slope:-1.034, const:3853.67, edge1:(1255, 2556), edge2:(1879, 1911))]
Adding node, real=False, serial=34f5f8b6-c496-4df2-b265-7b9cd7bc0c13, num=1, location=186.0:2283.67
Creating edge, edge=186.0:2283.67 - 506:2525
Adding node, real=False, serial=76c97c9b-560c-4695-b4f1-a30558e01d6f, num=2, location=826.0:2314.12
Creating edge, edge=506:2525 - 826.0:2314.12
Adding node, real=False, serial=a1830f20-a47e-4ec2-9ccf-2f3d06bbd762, num=3, location=359.74:2825.0
Creating edge, edge=359.74:2825.0 - 506:2525
Triming data from graph
Number of slops found = 3
Number of edges in slope: , slope=-2.052 = 1, edges=[(Point(359.74, 2825.0), Point(506, 2525), -2.052, slope:-2.052, const:3563.192, edge1:(196, 3161), edge2:(506, 2525))]
Number of edges in slope: , slope=-0.659 = 1, edges=[(Point(506, 2525), Point(826.0, 2314.12), -0.659, slope:-0.659, const:2858.454, edge1:(506, 2525), edge2:(1224, 2052))]
Number of edges in slope: , slope=0.754 = 1, edges=[(Point(186.0, 2283.67), Point(506, 2525), 0.754, slope:0.754, const:2143.424, edge1:(144, 2252), edge2:(506, 2525))]
Adding extra edges to edge list
removing nodes with no neighbors
removed 0 nodes
Finished triming data:, num_of_edges=3, num_real_node=1, num_of_node=4
edge list:, edges=[(Point(186.0, 2283.67), Point(506, 2525), 0.754, slope:0.754, const:2143.424, edge1:(144, 2252), edge2:(506, 2525)), (Point(506, 2525), Point(826.0, 2314.12), -0.659, slope:-0.659, const:2858.454, edge1:(506, 2525), edge2:(1224, 2052)), (Point(359.74, 2825.0), Point(506, 2525), -2.052, slope:-2.052, const:3563.192, edge1:(196, 3161), edge2:(506, 2525))]
Adding node, real=False, serial=2290604c-ec71-460b-8a73-e62b99ade8ca, num=1, location=303.11:1453.0
Creating edge, edge=303.11:1453.0 - 336:1153
Adding node, real=False, serial=e38c892d-db95-4d72-ade9-7c2509f4d8e6, num=2, location=464.59:1453.0
Creating edge, edge=336:1153 - 464.59:1453.0
Adding node, real=False, serial=f9109641-ab03-4b22-acc9-cee3422ce067, num=3, location=337.69:853.0
Creating edge, edge=336:1153 - 337.69:853.0
Triming data from graph
Number of slops found = 3
Number of edges in slope: , slope=2.333 = 1, edges=[(Point(336, 1153), Point(464.59, 1453.0), 2.333, slope:2.333, const:369.112, edge1:(336, 1153), edge2:(657, 1902))]
Number of edges in slope: , slope=-178.0 = 1, edges=[(Point(336, 1153), Point(337.69, 853.0), -178.0, slope:-178.0, const:60961.0, edge1:(336, 1153), edge2:(340, 441))]
Number of edges in slope: , slope=-9.121 = 1, edges=[(Point(303.11, 1453.0), Point(336, 1153), -9.121, slope:-9.121, const:4217.627, edge1:(187, 2512), edge2:(336, 1153))]
Adding extra edges to edge list
removing nodes with no neighbors
removed 0 nodes
Finished triming data:, num_of_edges=3, num_real_node=1, num_of_node=4
edge list:, edges=[(Point(303.11, 1453.0), Point(336, 1153), -9.121, slope:-9.121, const:4217.627, edge1:(187, 2512), edge2:(336, 1153)), (Point(336, 1153), Point(464.59, 1453.0), 2.333, slope:2.333, const:369.112, edge1:(336, 1153), edge2:(657, 1902)), (Point(336, 1153), Point(337.69, 853.0), -178.0, slope:-178.0, const:60961.0, edge1:(336, 1153), edge2:(340, 441))]
